
> temp-vite@0.0.0 build
> tsc -b && vite build

src/pages/dashboard/DashboardPage.tsx(11,5): error TS6133: 'Zap' is declared but its value is never read.
src/pages/dashboard/DashboardPage.tsx(12,5): error TS6133: 'Stethoscope' is declared but its value is never read.
src/pages/dashboard/DashboardPage.tsx(17,5): error TS6133: 'Download' is declared but its value is never read.
src/pages/dashboard/DashboardPage.tsx(18,5): error TS6133: 'Filter' is declared but its value is never read.
src/pages/dashboard/DashboardPage.tsx(19,5): error TS6133: 'Plus' is declared but its value is never read.
src/pages/dashboard/DashboardPage.tsx(23,5): error TS6133: 'BarChart4' is declared but its value is never read.
src/pages/dashboard/DashboardPage.tsx(24,5): error TS6133: 'Layers' is declared but its value is never read.
src/pages/dashboard/DashboardPage.tsx(25,5): error TS6133: 'ShieldAlert' is declared but its value is never read.
src/pages/dashboard/DashboardPage.tsx(31,1): error TS6192: All imports in import declaration are unused.
src/pages/dashboard/DashboardPage.tsx(32,1): error TS6133: 'twMerge' is declared but its value is never read.
src/pages/dashboard/DashboardPage.tsx(33,1): error TS6192: All imports in import declaration are unused.
src/pages/dashboard/DashboardPage.tsx(35,72): error TS6133: 'InventoryValuePieChart' is declared but its value is never read.
src/pages/dashboard/DashboardPage.tsx(61,33): error TS6133: 'setLoadingTransactions' is declared but its value is never read.
src/pages/dashboard/DashboardPage.tsx(62,12): error TS6133: 'alerts' is declared but its value is never read.
src/pages/dashboard/DashboardPage.tsx(63,12): error TS6133: 'topMedicines' is declared but its value is never read.
src/pages/dashboard/DashboardPage.tsx(64,32): error TS6133: 'setMedicinesSortOrder' is declared but its value is never read.
src/pages/dashboard/DashboardPage.tsx(165,55): error TS2820: Type '"/app/procurement/new"' is not assignable to type '"/auth/login" | "/auth/register" | "/auth/forgot-password" | "/auth/verify-otp" | "/auth/reset-password" | "/" | "/app" | "/app/inventory" | "/app/dispensing" | "/app/organizations" | ... 21 more ... | ".."'. Did you mean '"/app/procurement"'?
src/pages/dashboard/DispensingPage.tsx(217,17): error TS2353: Object literal may only specify known properties, and 'items' does not exist in type 'CreateSaleDto'.
